C51 COMPILER V9.60.0.0   TIMES                                                             06/22/2023 15:26:11 PAGE 1   


C51 COMPILER V9.60.0.0, COMPILATION OF MODULE TIMES
OBJECT MODULE PLACED IN .\Objects\times.obj
COMPILER INVOKED BY: D:\software\Keil_v5\C51\BIN\C51.EXE times.c OPTIMIZE(8,SPEED) BROWSE DEBUG OBJECTEXTEND PRINT(.\Lis
                    -tings\times.lst) TABS(2) OBJECT(.\Objects\times.obj)

line level    source

   1          #include <reg51.H>
   2          //延时函数
   3          void delay_ms(unsigned int milliseconds){
   4   1        unsigned int i, j;
   5   1        for(i = 0; i < milliseconds; i++){
   6   2          for(j = 0; j < 144; j++){ //延时1ms
   7   3          } 
   8   2        }
   9   1      }
  10          
  11          void main(){
  12   1        TMOD = 0x01;//设置定时器0为模式1，16位定时器
  13   1        TH0 = 0xFC;// 设置定时器0的初始值，用于1ms定时
  14   1        TL0 = 0x67;
  15   1        TR0 = 1;//启动定时器
  16   1        
  17   1        while(1){
  18   2          if(TF0 == 1){//检查定时器0是否溢出
  19   3            TF0 = 0;//重置溢出标志，并添加要执行的操作任务
  20   3            P0 = ~P0;//P0口的灯全亮
  21   3            //delay_ms(500);//延时500ms
  22   3            //P0 = 0x00;//P0口的灯全灭
  23   3            //delay_ms(500);//延时500ms
  24   3          }
  25   2        }
  26   1      }


MODULE INFORMATION:   STATIC OVERLAYABLE
   CODE SIZE        =     53    ----
   CONSTANT SIZE    =   ----    ----
   XDATA SIZE       =   ----    ----
   PDATA SIZE       =   ----    ----
   DATA SIZE        =   ----    ----
   IDATA SIZE       =   ----    ----
   BIT SIZE         =   ----    ----
END OF MODULE INFORMATION.


C51 COMPILATION COMPLETE.  0 WARNING(S),  0 ERROR(S)
